Picked up JAVA_TOOL_OPTIONS: -Dstdout.encoding=UTF-8 -Dstderr.encoding=UTF-8

  .   ____          _            __ _ _
 /\\ / ___'_ __ _ _(_)_ __  __ _ \ \ \ \
( ( )\___ | '_ | '_| | '_ \/ _` | \ \ \ \
 \\/  ___)| |_)| | | | | || (_| |  ) ) ) )
  '  |____| .__|_| |_|_| |_\__, | / / / /
 =========|_|==============|___/=/_/_/_/
 :: Spring Boot ::                (v3.2.0)

2025-11-17T21:13:45.662-05:00  INFO 26668 --- [backend] [           main] com.app.backend.backendApplication       : Starting backendApplication v1.0.0 using Java 21.0.9 with PID 26668 (C:\xampp\htdocs\app\backend\target\backend-1.0.0.jar started by LENOVO in c:\xampp\htdocs\app\backend)
2025-11-17T21:13:45.667-05:00  INFO 26668 --- [backend] [           main] com.app.backend.backendApplication       : No active profile set, falling back to 1 default profile: "default"
2025-11-17T21:13:47.842-05:00  INFO 26668 --- [backend] [           main] .s.d.r.c.RepositoryConfigurationDelegate : Bootstrapping Spring Data JPA repositories in DEFAULT mode.
2025-11-17T21:13:47.972-05:00  INFO 26668 --- [backend] [           main] .s.d.r.c.RepositoryConfigurationDelegate : Finished Spring Data repository scanning in 114 ms. Found 4 JPA repository interfaces.
2025-11-17T21:13:49.667-05:00  INFO 26668 --- [backend] [           main] o.s.b.w.embedded.tomcat.TomcatWebServer  : Tomcat initialized with port 8080 (http)
2025-11-17T21:13:49.730-05:00  INFO 26668 --- [backend] [           main] o.apache.catalina.core.StandardService   : Starting service [Tomcat]
2025-11-17T21:13:49.731-05:00  INFO 26668 --- [backend] [           main] o.apache.catalina.core.StandardEngine    : Starting Servlet engine: [Apache Tomcat/10.1.16]
2025-11-17T21:13:50.014-05:00  INFO 26668 --- [backend] [           main] o.a.c.c.C.[Tomcat].[localhost].[/]       : Initializing Spring embedded WebApplicationContext
2025-11-17T21:13:50.021-05:00  INFO 26668 --- [backend] [           main] w.s.c.ServletWebServerApplicationContext : Root WebApplicationContext: initialization completed in 4155 ms
2025-11-17T21:13:50.624-05:00  INFO 26668 --- [backend] [           main] o.hibernate.jpa.internal.util.LogHelper  : HHH000204: Processing PersistenceUnitInfo [name: default]
2025-11-17T21:13:50.798-05:00  INFO 26668 --- [backend] [           main] org.hibernate.Version                    : HHH000412: Hibernate ORM core version 6.3.1.Final
2025-11-17T21:13:50.891-05:00  INFO 26668 --- [backend] [           main] o.h.c.internal.RegionFactoryInitiator    : HHH000026: Second-level cache disabled
2025-11-17T21:13:51.533-05:00  INFO 26668 --- [backend] [           main] o.s.o.j.p.SpringPersistenceUnitInfo      : No LoadTimeWeaver setup: ignoring JPA class transformer
2025-11-17T21:13:51.617-05:00  INFO 26668 --- [backend] [           main] com.zaxxer.hikari.HikariDataSource       : HikariPool-1 - Starting...
2025-11-17T21:13:52.105-05:00  INFO 26668 --- [backend] [           main] com.zaxxer.hikari.pool.HikariPool        : HikariPool-1 - Added connection com.mysql.cj.jdbc.ConnectionImpl@3a588b5f
2025-11-17T21:13:52.108-05:00  INFO 26668 --- [backend] [           main] com.zaxxer.hikari.HikariDataSource       : HikariPool-1 - Start completed.
2025-11-17T21:13:52.158-05:00  WARN 26668 --- [backend] [           main] org.hibernate.orm.deprecation            : HHH90000025: MySQL8Dialect does not need to be specified explicitly using 'hibernate.dialect' (remove the property setting and it will be selected by default)
2025-11-17T21:13:52.161-05:00  WARN 26668 --- [backend] [           main] org.hibernate.orm.deprecation            : HHH90000026: MySQL8Dialect has been deprecated; use org.hibernate.dialect.MySQLDialect instead
2025-11-17T21:13:54.078-05:00  INFO 26668 --- [backend] [           main] o.h.e.t.j.p.i.JtaPlatformInitiator       : HHH000489: No JTA platform available (set 'hibernate.transaction.jta.platform' to enable JTA platform integration)
2025-11-17T21:13:54.298-05:00  INFO 26668 --- [backend] [           main] j.LocalContainerEntityManagerFactoryBean : Initialized JPA EntityManagerFactory for persistence unit 'default'
2025-11-17T21:13:55.870-05:00  WARN 26668 --- [backend] [           main] JpaBaseConfiguration$JpaWebConfiguration : spring.jpa.open-in-view is enabled by default. Therefore, database queries may be performed during view rendering. Explicitly configure spring.jpa.open-in-view to disable this warning
2025-11-17T21:13:56.941-05:00  INFO 26668 --- [backend] [           main] o.s.s.web.DefaultSecurityFilterChain     : Will secure any request with [org.springframework.security.web.session.DisableEncodeUrlFilter@7d381eae, org.springframework.security.web.context.request.async.WebAsyncManagerIntegrationFilter@47800bd7, org.springframework.security.web.context.SecurityContextHolderFilter@6bc08a77, org.springframework.security.web.header.HeaderWriterFilter@69e308e2, org.springframework.web.filter.CorsFilter@4c57ca10, org.springframework.security.web.authentication.logout.LogoutFilter@75caecf7, com.app.backend.security.JwtAuthenticationFilter@6ffa8126, org.springframework.security.web.savedrequest.RequestCacheAwareFilter@73483d4b, org.springframework.security.web.servletapi.SecurityContextHolderAwareRequestFilter@8961e55, org.springframework.security.web.authentication.AnonymousAuthenticationFilter@212be8c, org.springframework.security.web.session.SessionManagementFilter@2f0e7008, org.springframework.security.web.access.ExceptionTranslationFilter@5b4ce00, org.springframework.security.web.access.intercept.AuthorizationFilter@1fc4b8d6]
2025-11-17T21:13:57.741-05:00  INFO 26668 --- [backend] [           main] o.s.b.w.embedded.tomcat.TomcatWebServer  : Tomcat started on port 8080 (http) with context path ''
2025-11-17T21:13:57.777-05:00  INFO 26668 --- [backend] [           main] com.app.backend.backendApplication       : Started backendApplication in 13.121 seconds (process running for 14.652)
Ejecutando DataInitializer...
Hibernate: 
    select
        u1_0.id 
    from
        users u1_0 
    where
        u1_0.username=? 
    limit
        ?
Hibernate: 
    select
        u1_0.id,
        u1_0.active,
        u1_0.created_at,
        u1_0.email,
        u1_0.password,
        u1_0.role,
        u1_0.username 
    from
        users u1_0 
    where
        u1_0.username=?
Hibernate: 
    select
        u1_0.id,
        u1_0.active,
        u1_0.created_at,
        u1_0.email,
        u1_0.password,
        u1_0.role,
        u1_0.username 
    from
        users u1_0 
    where
        u1_0.id=?
Hibernate: 
    delete 
    from
        users 
    where
        id=?
Usuario ADMIN existente eliminado
Hibernate: 
    select
        u1_0.id 
    from
        users u1_0 
    where
        u1_0.username=? 
    limit
        ?
Hibernate: 
    select
        u1_0.id,
        u1_0.active,
        u1_0.created_at,
        u1_0.email,
        u1_0.password,
        u1_0.role,
        u1_0.username 
    from
        users u1_0 
    where
        u1_0.username=?
Hibernate: 
    select
        u1_0.id,
        u1_0.active,
        u1_0.created_at,
        u1_0.email,
        u1_0.password,
        u1_0.role,
        u1_0.username 
    from
        users u1_0 
    where
        u1_0.id=?
Hibernate: 
    delete 
    from
        users 
    where
        id=?
Usuario COORDINADOR existente eliminado
Hibernate: 
    insert 
    into
        users
        (active, created_at, email, password, role, username) 
    values
        (?, ?, ?, ?, ?, ?)
Usuario ADMIN creado - username:admin, password:admin123
Hibernate: 
    insert 
    into
        users
        (active, created_at, email, password, role, username) 
    values
        (?, ?, ?, ?, ?, ?)
Usuario COORDINADOR creado - username:coordinador, password:coordinador123
DataInitializer completado exitosamente
^C