Picked up JAVA_TOOL_OPTIONS: -Dstdout.encoding=UTF-8 -Dstderr.encoding=UTF-8

  .   ____          _            __ _ _
 /\\ / ___'_ __ _ _(_)_ __  __ _ \ \ \ \
( ( )\___ | '_ | '_| | '_ \/ _` | \ \ \ \
 \\/  ___)| |_)| | | | | || (_| |  ) ) ) )
  '  |____| .__|_| |_|_| |_\__, | / / / /
 =========|_|==============|___/=/_/_/_/
 :: Spring Boot ::                (v3.2.0)

2025-11-17T22:15:03.283-05:00  INFO 3324 --- [backend] [           main] com.app.backend.backendApplication       : Starting backendApplication v1.0.0 using Java 21.0.9 with PID 3324 (C:\xampp\htdocs\app\backend\target\backend-1.0.0.jar started by LENOVO in c:\xampp\htdocs\app\backend)
2025-11-17T22:15:03.290-05:00  INFO 3324 --- [backend] [           main] com.app.backend.backendApplication       : No active profile set, falling back to 1 default profile: "default"
2025-11-17T22:15:05.346-05:00  INFO 3324 --- [backend] [           main] .s.d.r.c.RepositoryConfigurationDelegate : Bootstrapping Spring Data JPA repositories in DEFAULT mode.
2025-11-17T22:15:05.475-05:00  INFO 3324 --- [backend] [           main] .s.d.r.c.RepositoryConfigurationDelegate : Finished Spring Data repository scanning in 114 ms. Found 4 JPA repository interfaces.
2025-11-17T22:15:07.242-05:00  INFO 3324 --- [backend] [           main] o.s.b.w.embedded.tomcat.TomcatWebServer  : Tomcat initialized with port 8080 (http)
2025-11-17T22:15:07.298-05:00  INFO 3324 --- [backend] [           main] o.apache.catalina.core.StandardService   : Starting service [Tomcat]
2025-11-17T22:15:07.299-05:00  INFO 3324 --- [backend] [           main] o.apache.catalina.core.StandardEngine    : Starting Servlet engine: [Apache Tomcat/10.1.16]
2025-11-17T22:15:07.535-05:00  INFO 3324 --- [backend] [           main] o.a.c.c.C.[Tomcat].[localhost].[/]       : Initializing Spring embedded WebApplicationContext
2025-11-17T22:15:07.550-05:00  INFO 3324 --- [backend] [           main] w.s.c.ServletWebServerApplicationContext : Root WebApplicationContext: initialization completed in 4028 ms
2025-11-17T22:15:08.096-05:00  INFO 3324 --- [backend] [           main] o.hibernate.jpa.internal.util.LogHelper  : HHH000204: Processing PersistenceUnitInfo [name: default]
2025-11-17T22:15:08.287-05:00  INFO 3324 --- [backend] [           main] org.hibernate.Version                    : HHH000412: Hibernate ORM core version 6.3.1.Final
2025-11-17T22:15:08.362-05:00  INFO 3324 --- [backend] [           main] o.h.c.internal.RegionFactoryInitiator    : HHH000026: Second-level cache disabled
2025-11-17T22:15:09.081-05:00  INFO 3324 --- [backend] [           main] o.s.o.j.p.SpringPersistenceUnitInfo      : No LoadTimeWeaver setup: ignoring JPA class transformer
2025-11-17T22:15:09.174-05:00  INFO 3324 --- [backend] [           main] com.zaxxer.hikari.HikariDataSource       : HikariPool-1 - Starting...
2025-11-17T22:15:09.646-05:00  INFO 3324 --- [backend] [           main] com.zaxxer.hikari.pool.HikariPool        : HikariPool-1 - Added connection com.mysql.cj.jdbc.ConnectionImpl@1f172892
2025-11-17T22:15:09.648-05:00  INFO 3324 --- [backend] [           main] com.zaxxer.hikari.HikariDataSource       : HikariPool-1 - Start completed.
2025-11-17T22:15:09.694-05:00  WARN 3324 --- [backend] [           main] org.hibernate.orm.deprecation            : HHH90000025: MySQL8Dialect does not need to be specified explicitly using 'hibernate.dialect' (remove the property setting and it will be selected by default)
2025-11-17T22:15:09.695-05:00  WARN 3324 --- [backend] [           main] org.hibernate.orm.deprecation            : HHH90000026: MySQL8Dialect has been deprecated; use org.hibernate.dialect.MySQLDialect instead
2025-11-17T22:15:11.583-05:00  INFO 3324 --- [backend] [           main] o.h.e.t.j.p.i.JtaPlatformInitiator       : HHH000489: No JTA platform available (set 'hibernate.transaction.jta.platform' to enable JTA platform integration)
2025-11-17T22:15:11.783-05:00  INFO 3324 --- [backend] [           main] j.LocalContainerEntityManagerFactoryBean : Initialized JPA EntityManagerFactory for persistence unit 'default'
2025-11-17T22:15:13.217-05:00  WARN 3324 --- [backend] [           main] JpaBaseConfiguration$JpaWebConfiguration : spring.jpa.open-in-view is enabled by default. Therefore, database queries may be performed during view rendering. Explicitly configure spring.jpa.open-in-view to disable this warning
2025-11-17T22:15:14.083-05:00  INFO 3324 --- [backend] [           main] o.s.s.web.DefaultSecurityFilterChain     : Will secure any request with [org.springframework.security.web.session.DisableEncodeUrlFilter@3cc2c4b8, org.springframework.security.web.context.request.async.WebAsyncManagerIntegrationFilter@11a29c0, org.springframework.security.web.context.SecurityContextHolderFilter@58701e8c, org.springframework.security.web.header.HeaderWriterFilter@524418a2, org.springframework.web.filter.CorsFilter@1fc4b8d6, org.springframework.security.web.authentication.logout.LogoutFilter@14af57c3, com.app.backend.security.JwtAuthenticationFilter@359a2c96, org.springframework.security.web.savedrequest.RequestCacheAwareFilter@2f0e7008, org.springframework.security.web.servletapi.SecurityContextHolderAwareRequestFilter@307e9c02, org.springframework.security.web.authentication.AnonymousAuthenticationFilter@77185a2, org.springframework.security.web.session.SessionManagementFilter@3eadfbbb, org.springframework.security.web.access.ExceptionTranslationFilter@3b7dd173, org.springframework.security.web.access.intercept.AuthorizationFilter@6e5a77ef]
2025-11-17T22:15:14.775-05:00  WARN 3324 --- [backend] [           main] ConfigServletWebServerApplicationContext : Exception encountered during context initialization - cancelling refresh attempt: org.springframework.context.ApplicationContextException: Failed to start bean 'webServerStartStop'
2025-11-17T22:15:14.779-05:00  INFO 3324 --- [backend] [           main] j.LocalContainerEntityManagerFactoryBean : Closing JPA EntityManagerFactory for persistence unit 'default'
2025-11-17T22:15:14.782-05:00  INFO 3324 --- [backend] [           main] com.zaxxer.hikari.HikariDataSource       : HikariPool-1 - Shutdown initiated...
2025-11-17T22:15:14.801-05:00  INFO 3324 --- [backend] [           main] com.zaxxer.hikari.HikariDataSource       : HikariPool-1 - Shutdown completed.
2025-11-17T22:15:14.829-05:00  INFO 3324 --- [backend] [           main] .s.b.a.l.ConditionEvaluationReportLogger : 

Error starting ApplicationContext. To display the condition evaluation report re-run your application with 'debug' enabled.
2025-11-17T22:15:14.885-05:00 ERROR 3324 --- [backend] [           main] o.s.b.d.LoggingFailureAnalysisReporter   : 

***************************
APPLICATION FAILED TO START
***************************

Description:

Web server failed to start. Port 8080 was already in use.

Action:

Identify and stop the process that's listening on port 8080 or configure this application to listen on another port.

